--- Health Check ---


--- Node Register ---


--- List Nodes ---


--- Create VM Task ---



